###############################################################################
#
# IAR ELF Linker V8.40.1.212/W32 for ARM                  13/Nov/2019  19:56:42
# Copyright 2007-2019 IAR Systems AB.
#
#    Output file  =
#        C:\Users\yuri_\Desktop\Sistemas
#        Embarcados\lab3_sistemas_embarcados\Projects\Lab3_MotorCC\Debug\Exe\Lab3_MotorCC.out
#    Map file     =
#        C:\Users\yuri_\Desktop\Sistemas
#        Embarcados\lab3_sistemas_embarcados\Projects\Lab3_MotorCC\Debug\List\Lab3_MotorCC.map
#    Command line =
#        -f C:\Users\yuri_\AppData\Local\Temp\EW3A75.tmp
#        ("C:\Users\yuri_\Desktop\Sistemas
#        Embarcados\lab3_sistemas_embarcados\Projects\Lab3_MotorCC\Debug\Obj\driverleds.o"
#        "C:\Users\yuri_\Desktop\Sistemas
#        Embarcados\lab3_sistemas_embarcados\TivaWare_C_Series-2.1.4.178\driverlib\ewarm\Exe\driverlib.a"
#        "C:\Users\yuri_\Desktop\Sistemas
#        Embarcados\lab3_sistemas_embarcados\Projects\Lab3_MotorCC\Debug\Obj\main.o"
#        "C:\Users\yuri_\Desktop\Sistemas
#        Embarcados\lab3_sistemas_embarcados\Projects\Lab3_MotorCC\Debug\Obj\PWM_funcs.o"
#        "C:\Users\yuri_\Desktop\Sistemas
#        Embarcados\lab3_sistemas_embarcados\CMSIS-5.6.0\CMSIS\RTOS2\RTX\Library\IAR\IDE\CM4F\Exe\RTX_CM.a"
#        "C:\Users\yuri_\Desktop\Sistemas
#        Embarcados\lab3_sistemas_embarcados\Projects\Lab3_MotorCC\Debug\Obj\RTX_Config.o"
#        "C:\Users\yuri_\Desktop\Sistemas
#        Embarcados\lab3_sistemas_embarcados\Projects\Lab3_MotorCC\Debug\Obj\rtx_lib.o"
#        "C:\Users\yuri_\Desktop\Sistemas
#        Embarcados\lab3_sistemas_embarcados\Projects\Lab3_MotorCC\Debug\Obj\startup_tm4c1294.o"
#        "C:\Users\yuri_\Desktop\Sistemas
#        Embarcados\lab3_sistemas_embarcados\Projects\Lab3_MotorCC\Debug\Obj\system_TM4C1294_TW.o"
#        "C:\Users\yuri_\Desktop\Sistemas
#        Embarcados\lab3_sistemas_embarcados\Projects\Lab3_MotorCC\Debug\Obj\UART_funcs.o"
#        --no_out_extension -o "C:\Users\yuri_\Desktop\Sistemas
#        Embarcados\lab3_sistemas_embarcados\Projects\Lab3_MotorCC\Debug\Exe\Lab3_MotorCC.out"
#        --map "C:\Users\yuri_\Desktop\Sistemas
#        Embarcados\lab3_sistemas_embarcados\Projects\Lab3_MotorCC\Debug\List\Lab3_MotorCC.map"
#        --config "D:\Program Files (x86)\IAR Systems\Embedded Workbench
#        8.3\arm\config\linker\TexasInstruments\TM4C1294NC.icf" --semihosting
#        --entry __iar_program_start --vfe --text_out locale)
#
###############################################################################

*******************************************************************************
*** RUNTIME MODEL ATTRIBUTES
***

CppFlavor       = *
__SystemLibrary = DLib
__dlib_version  = 6


*******************************************************************************
*** HEAP SELECTION
***

The basic heap was selected because no calls to memory allocation
functions were found in the application outside of system library
functions, and there are calls to deallocation functions in the
application.


*******************************************************************************
*** PLACEMENT SUMMARY
***

"A0":  place at address 0x0 { ro section .intvec };
"P1":  place in [from 0x0 to 0xf'ffff] { ro };
define block CSTACK with size = 32K, alignment = 8 { };
define block HEAP with size = 64K, alignment = 8 { };
"P2":  place in [from 0x2000'0000 to 0x2003'ffff] {
          rw, block CSTACK, block HEAP };
initialize by copy { rw };

  Section               Kind         Address    Size  Object
  -------               ----         -------    ----  ------
"A0":                                          0x26c
  .intvec               ro code          0x0   0x26c  startup_tm4c1294.o [1]
                                     - 0x26c   0x26c

"P1":                                         0x265d
  .text                 ro code        0x26c   0x768  rtx_thread.o [2]
  .text                 ro code        0x9d4     0x2  rtx_evr.o [2]
  .text                 ro code        0x9d6     0x2  rtx_evr.o [2]
  .text                 ro code        0x9d8     0x2  rtx_evr.o [2]
  .text                 ro code        0x9da     0x2  rtx_evr.o [2]
  .text                 ro code        0x9dc     0x2  rtx_evr.o [2]
  .text                 ro code        0x9de     0x2  rtx_evr.o [2]
  .text                 ro code        0x9e0     0x2  rtx_evr.o [2]
  .text                 ro code        0x9e2     0x2  rtx_evr.o [2]
  .text                 ro code        0x9e4     0x2  rtx_evr.o [2]
  .text                 ro code        0x9e6     0x2  rtx_evr.o [2]
  .text                 ro code        0x9e8     0x2  rtx_evr.o [2]
  .text                 ro code        0x9ea     0x2  rtx_evr.o [2]
  .text                 ro code        0x9ec     0x2  rtx_evr.o [2]
  .text                 ro code        0x9ee    0x3a  zero_init3.o [6]
  .text                 ro code        0xa28    0xe6  rtx_mempool.o [2]
  .text                 ro code        0xb0e     0x2  rtx_evr.o [2]
  .text                 ro code        0xb10    0x82  rtx_memory.o [2]
  .text                 ro code        0xb92     0x2  RTX_Config.o [1]
  .text                 ro code        0xb94     0x6  ABImemclr4.o [6]
  .text                 ro code        0xb9a     0x2  rtx_evr.o [2]
  .text                 ro code        0xb9c    0x4a  rtx_memory.o [2]
  .text                 ro code        0xbe8    0x52  rtx_mutex.o [2]
  .text                 ro code        0xc3a     0x2  rtx_evr.o [2]
  .text                 ro code        0xc3c     0x2  rtx_evr.o [2]
  .text                 ro code        0xc3e     0x2  rtx_evr.o [2]
  .text                 ro code        0xc40     0x2  rtx_evr.o [2]
  .text                 ro code        0xc42    0x20  RTX_Config.o [1]
  .text                 ro code        0xc62     0x2  rtx_evr.o [2]
  .text                 ro code        0xc64     0x2  rtx_evr.o [2]
  .text                 ro code        0xc66     0x2  rtx_evr.o [2]
  .text                 ro code        0xc68     0x2  rtx_evr.o [2]
  .text                 ro code        0xc6c    0x32  ABImemset48.o [6]
  .text                 ro code        0xc9e     0x2  rtx_evr.o [2]
  .text                 ro code        0xca0     0x2  rtx_evr.o [2]
  .text                 ro code        0xca2     0x2  rtx_evr.o [2]
  .text                 ro code        0xca4   0x61c  rtx_msgqueue.o [2]
  .text                 ro code       0x12c0    0xa6  ABImemcpy.o [6]
  .text                 ro code       0x1366     0x2  rtx_evr.o [2]
  .text                 ro code       0x1368     0x2  rtx_evr.o [2]
  .text                 ro code       0x136a     0x2  rtx_evr.o [2]
  .text                 ro code       0x136c     0x6  ABImemclr.o [6]
  .text                 ro code       0x1372     0x2  rtx_evr.o [2]
  .text                 ro code       0x1374     0x2  rtx_evr.o [2]
  .text                 ro code       0x1376     0x2  rtx_evr.o [2]
  .text                 ro code       0x1378     0x2  rtx_evr.o [2]
  .text                 ro code       0x137a     0x2  rtx_evr.o [2]
  .text                 ro code       0x137c     0x2  rtx_evr.o [2]
  .text                 ro code       0x137e     0x2  rtx_evr.o [2]
  .text                 ro code       0x1380   0x174  rtx_system.o [2]
  .text                 ro code       0x14f4     0x2  rtx_evr.o [2]
  .text                 ro code       0x14f6     0x2  rtx_evr.o [2]
  .text                 ro code       0x14f8    0x5e  ABImemset.o [6]
  .text                 ro code       0x1558     0xc  os_systick.o [2]
  .text                 ro code       0x1564   0x294  rtx_kernel.o [2]
  .text                 ro code       0x17f8     0x2  rtx_evr.o [2]
  .text                 ro code       0x17fa    0x44  rtx_memory.o [2]
  .text                 ro code       0x183e     0x2  rtx_evr.o [2]
  .text                 ro code       0x1840     0x2  rtx_evr.o [2]
  .text                 ro code       0x1844    0x40  os_systick.o [2]
  .text                 ro code       0x1884     0x6  os_systick.o [2]
  .text                 ro code       0x188c    0x2c  os_systick.o [2]
  .text                 ro code       0x18b8     0x2  rtx_evr.o [2]
  .text                 ro code       0x18ba     0x2  rtx_lib.o [1]
  .text                 ro code       0x18bc     0x2  rtx_evr.o [2]
  .text                 ro code       0x18be     0x2  rtx_evr.o [2]
  .text                 ro code       0x18c0     0x2  rtx_evr.o [2]
  .text                 ro code       0x18c4   0x28c  sysctl.o [4]
  .rodata               const         0x1b50   0x1b0  sysctl.o [4]
  .text                 ro code       0x1d00   0x1a2  DblMul.o [5]
  .text                 ro code       0x1ea4   0x1a0  gpio.o [4]
  .text                 ro code       0x2044    0xd4  rtx_timer.o [2]
  .text                 ro code       0x2118     0x2  rtx_evr.o [2]
  .text                 ro code       0x211c    0xcc  main.o [1]
  .text                 ro code       0x21e8    0x68  UART_funcs.o [1]
  .text                 ro code       0x2250    0xc0  PWM_funcs.o [1]
  .text                 ro code       0x2310    0x2c  system_TM4C1294_TW.o [1]
  .text                 ro code       0x233c    0xc0  uart.o [4]
  .text                 ro code       0x23fc    0x9c  pwm.o [4]
  .text                 ro code       0x2498    0x1a  U32ToDbl.o [5]
  .text                 ro code       0x24b4    0x28  DblToU32.o [5]
  .text                 ro code       0x24dc    0xc4  irq_cm4f.o [2]
  .rodata               const         0x25a0    0x90  gpio.o [4]
  .rodata               const         0x2630    0x6c  sysctl.o [4]
  .rodata               const         0x269c    0x68  rtx_lib.o [1]
  .text                 ro code       0x2704    0x38  packbits_init_single.o [6]
  .rodata               const         0x273c    0x30  sysctl.o [4]
  .text                 ro code       0x276c    0x28  data_init.o [6]
  .rodata               const         0x2794    0x24  rtx_lib.o [1]
  .rodata               const         0x27b8    0x24  rtx_lib.o [1]
  .text                 ro code       0x27dc    0x22  fpinit_M.o [5]
  .iar.init_table       const         0x2800    0x20  - Linker created -
  .text                 ro code       0x2820    0x1e  cmain.o [6]
  .text                 ro code       0x283e     0x4  low_level_init.o [3]
  .text                 ro code       0x2842     0x4  exit.o [3]
  .text                 ro code       0x2848     0xa  cexit.o [6]
  .text                 ro code       0x2854    0x14  exit.o [7]
  .rodata               const         0x2868    0x18  rtx_lib.o [1]
  .text                 ro code       0x2880    0x10  startup_tm4c1294.o [1]
  .text                 ro code       0x2890     0xc  cstartup_M.o [6]
  .rodata               const         0x289c     0x4  rtx_lib.o [1]
  .text                 ro code       0x28a0     0x4  startup_tm4c1294.o [1]
  .text                 ro code       0x28a4     0x4  startup_tm4c1294.o [1]
  .text                 ro code       0x28a8     0x4  startup_tm4c1294.o [1]
  .text                 ro code       0x28ac     0x4  startup_tm4c1294.o [1]
  .text                 ro code       0x28b0     0x4  startup_tm4c1294.o [1]
  .text                 ro code       0x28b4     0x4  startup_tm4c1294.o [1]
  .text                 ro code       0x28b8     0x4  startup_tm4c1294.o [1]
  .rodata               const         0x28bc     0x0  zero_init3.o [6]
  .rodata               const         0x28bc     0x0  packbits_init_single.o [6]
  Initializer bytes     const         0x28bc     0xd  <for P2-1>
                                    - 0x28c9  0x265d

"P2", part 1 of 3:                              0xa4
  P2-1                           0x2000'0000    0xa4  <Init block>
    .data.os            inited   0x2000'0000    0xa4  rtx_kernel.o [2]
                               - 0x2000'00a4    0xa4

"P2", part 2 of 3:                            0x1460
  .bss.os               zero     0x2000'00a8  0x1000  rtx_lib.o [1]
  .bss.os.thread.stack  zero     0x2000'10a8   0x200  rtx_lib.o [1]
  .bss.os.thread.stack  zero     0x2000'12a8   0x100  rtx_lib.o [1]
  .bss.os.msgqueue.mem  zero     0x2000'13a8    0x50  rtx_lib.o [1]
  .bss.os.thread.cb     zero     0x2000'13f8    0x44  rtx_lib.o [1]
  .bss.os.thread.cb     zero     0x2000'143c    0x44  rtx_lib.o [1]
  .bss.os               zero     0x2000'1480    0x40  rtx_lib.o [1]
  .bss.os.msgqueue.cb   zero     0x2000'14c0    0x34  rtx_lib.o [1]
  .bss                  zero     0x2000'14f4     0x4  main.o [1]
  .bss                  zero     0x2000'14f8     0x4  main.o [1]
  .bss                  zero     0x2000'14fc     0x4  main.o [1]
  .bss                  zero     0x2000'1500     0x1  os_systick.o [2]
                               - 0x2000'1501  0x145d

"P2", part 3 of 3:                            0x8004
  .noinit               uninit   0x2000'1504     0x4  system_TM4C1294_TW.o [1]
  CSTACK                         0x2000'1508  0x8000  <Block>
    CSTACK              uninit   0x2000'1508  0x8000  <Block tail>
                               - 0x2000'9508  0x8004

Unused ranges:

         From           To      Size
         ----           --      ----
       0x28c9     0xf'ffff  0xf'd737
  0x2000'9508  0x2003'ffff  0x3'6af8


*******************************************************************************
*** INIT TABLE
***

          Address      Size
          -------      ----
Zero (__iar_zero_init3)
    1 destination range, total size 0x1459:
          0x2000'00a8  0x1459

Copy/packbits (__iar_packbits_init_single3)
    1 source range, total size 0xd (7% of destination):
               0x28bc     0xd
    1 destination range, total size 0xa4:
          0x2000'0000    0xa4



*******************************************************************************
*** MODULE SUMMARY
***

    Module                  ro code  ro data  rw data
    ------                  -------  -------  -------
command line/config:
    -------------------------------------------------
    Total:

C:\Users\yuri_\Desktop\Sistemas Embarcados\lab3_sistemas_embarcados\Projects\Lab3_MotorCC\Debug\Obj: [1]
    PWM_funcs.o                 192
    RTX_Config.o                 34
    UART_funcs.o                104
    main.o                      204                12
    rtx_lib.o                     2      204    5'196
    startup_tm4c1294.o          664
    system_TM4C1294_TW.o         44                 4
    -------------------------------------------------
    Total:                    1'244      204    5'212

RTX_CM.a: [2]
    irq_cm4f.o                  196
    os_systick.o                126                 1
    rtx_evr.o                    92
    rtx_kernel.o                660       13      164
    rtx_memory.o                272
    rtx_mempool.o               230
    rtx_msgqueue.o            1'564
    rtx_mutex.o                  82
    rtx_system.o                372
    rtx_thread.o              1'896
    rtx_timer.o                 212
    -------------------------------------------------
    Total:                    5'702       13      165

dl7M_tln.a: [3]
    exit.o                        4
    low_level_init.o              4
    -------------------------------------------------
    Total:                        8

driverlib.a: [4]
    gpio.o                      416      144
    pwm.o                       156
    sysctl.o                    652      588
    uart.o                      192
    -------------------------------------------------
    Total:                    1'416      732

m7M_tls.a: [5]
    DblMul.o                    418
    DblToU32.o                   40
    U32ToDbl.o                   26
    fpinit_M.o                   34
    -------------------------------------------------
    Total:                      518

rt7M_tl.a: [6]
    ABImemclr.o                   6
    ABImemclr4.o                  6
    ABImemcpy.o                 166
    ABImemset.o                  94
    ABImemset48.o                50
    cexit.o                      10
    cmain.o                      30
    cstartup_M.o                 12
    data_init.o                  40
    packbits_init_single.o       56
    zero_init3.o                 58
    -------------------------------------------------
    Total:                      528

shb_l.a: [7]
    exit.o                       20
    -------------------------------------------------
    Total:                       20

    Gaps                         22        2        4
    Linker created                        32   32'768
-----------------------------------------------------
    Grand Total:              9'458      983   38'149


*******************************************************************************
*** ENTRY LIST
***

Entry                       Address    Size  Type      Object
-----                       -------    ----  ----      ------
.iar.init_table$$Base        0x2800           --   Gb  - Linker created -
.iar.init_table$$Limit       0x2820           --   Gb  - Linker created -
?main                        0x2821          Code  Gb  cmain.o [6]
CSTACK$$Base            0x2000'1508           --   Gb  - Linker created -
CSTACK$$Limit           0x2000'9508           --   Gb  - Linker created -
EvrRtxDelayCompleted          0x9d5     0x2  Code  Wk  rtx_evr.o [2]
EvrRtxEventFlagsWaitTimeout
                              0x9d9     0x2  Code  Wk  rtx_evr.o [2]
EvrRtxKernelError            0x17f9     0x2  Code  Wk  rtx_evr.o [2]
EvrRtxKernelGetState         0x1841     0x2  Code  Wk  rtx_evr.o [2]
EvrRtxKernelInitialize       0x18bd     0x2  Code  Wk  rtx_evr.o [2]
EvrRtxKernelInitialized
                             0x183f     0x2  Code  Wk  rtx_evr.o [2]
EvrRtxKernelStart            0x18bf     0x2  Code  Wk  rtx_evr.o [2]
EvrRtxKernelStarted          0x18b9     0x2  Code  Wk  rtx_evr.o [2]
EvrRtxMemoryAlloc             0xc69     0x2  Code  Wk  rtx_evr.o [2]
EvrRtxMemoryBlockAlloc        0xc65     0x2  Code  Wk  rtx_evr.o [2]
EvrRtxMemoryBlockFree         0xc67     0x2  Code  Wk  rtx_evr.o [2]
EvrRtxMemoryBlockInit         0xc63     0x2  Code  Wk  rtx_evr.o [2]
EvrRtxMemoryFree              0xc9f     0x2  Code  Wk  rtx_evr.o [2]
EvrRtxMemoryInit             0x18c1     0x2  Code  Wk  rtx_evr.o [2]
EvrRtxMemoryPoolAllocTimeout
                              0x9df     0x2  Code  Wk  rtx_evr.o [2]
EvrRtxMessageQueueCreated
                             0x1373     0x2  Code  Wk  rtx_evr.o [2]
EvrRtxMessageQueueError
                             0x136b     0x2  Code  Wk  rtx_evr.o [2]
EvrRtxMessageQueueGet        0x14f7     0x2  Code  Wk  rtx_evr.o [2]
EvrRtxMessageQueueGetPending
                             0x1379     0x2  Code  Wk  rtx_evr.o [2]
EvrRtxMessageQueueGetTimeout
                              0x9e1     0x2  Code  Wk  rtx_evr.o [2]
EvrRtxMessageQueueInsertPending
                             0x14f5     0x2  Code  Wk  rtx_evr.o [2]
EvrRtxMessageQueueInserted
                             0x1367     0x2  Code  Wk  rtx_evr.o [2]
EvrRtxMessageQueueNew        0x137d     0x2  Code  Wk  rtx_evr.o [2]
EvrRtxMessageQueueNotInserted
                             0x1377     0x2  Code  Wk  rtx_evr.o [2]
EvrRtxMessageQueueNotRetrieved
                             0x137b     0x2  Code  Wk  rtx_evr.o [2]
EvrRtxMessageQueuePut        0x137f     0x2  Code  Wk  rtx_evr.o [2]
EvrRtxMessageQueuePutPending
                             0x1375     0x2  Code  Wk  rtx_evr.o [2]
EvrRtxMessageQueuePutTimeout
                              0x9e3     0x2  Code  Wk  rtx_evr.o [2]
EvrRtxMessageQueueRetrieved
                             0x1369     0x2  Code  Wk  rtx_evr.o [2]
EvrRtxMutexAcquireTimeout
                              0x9db     0x2  Code  Wk  rtx_evr.o [2]
EvrRtxMutexAcquired           0xca3     0x2  Code  Wk  rtx_evr.o [2]
EvrRtxMutexReleased           0xca1     0x2  Code  Wk  rtx_evr.o [2]
EvrRtxSemaphoreAcquireTimeout
                              0x9dd     0x2  Code  Wk  rtx_evr.o [2]
EvrRtxThreadBlocked           0x9eb     0x2  Code  Wk  rtx_evr.o [2]
EvrRtxThreadCreated           0xb9b     0x2  Code  Wk  rtx_evr.o [2]
EvrRtxThreadDestroyed         0xc3d     0x2  Code  Wk  rtx_evr.o [2]
EvrRtxThreadError             0xb0f     0x2  Code  Wk  rtx_evr.o [2]
EvrRtxThreadExit              0xc41     0x2  Code  Wk  rtx_evr.o [2]
EvrRtxThreadFlagsWaitCompleted
                              0x9ed     0x2  Code  Wk  rtx_evr.o [2]
EvrRtxThreadFlagsWaitTimeout
                              0x9d7     0x2  Code  Wk  rtx_evr.o [2]
EvrRtxThreadJoined            0xc3b     0x2  Code  Wk  rtx_evr.o [2]
EvrRtxThreadNew               0xc3f     0x2  Code  Wk  rtx_evr.o [2]
EvrRtxThreadPreempted         0x9e7     0x2  Code  Wk  rtx_evr.o [2]
EvrRtxThreadSwitched          0x9e9     0x2  Code  Wk  rtx_evr.o [2]
EvrRtxThreadUnblocked         0x9e5     0x2  Code  Wk  rtx_evr.o [2]
EvrRtxTimerCallback          0x2119     0x2  Code  Wk  rtx_evr.o [2]
GPIODirModeSet               0x1ea5    0x28  Code  Gb  gpio.o [4]
GPIOPadConfigSet             0x1ecd   0x102  Code  Gb  gpio.o [4]
GPIOPinConfigure             0x2003    0x36  Code  Gb  gpio.o [4]
GPIOPinTypePWM               0x1fd3    0x14  Code  Gb  gpio.o [4]
GPIOPinTypeUART              0x1fef    0x14  Code  Gb  gpio.o [4]
MessageQueueGet               0xcf1    0x40  Code  Lc  rtx_msgqueue.o [2]
MessageQueuePut               0xca5    0x4a  Code  Lc  rtx_msgqueue.o [2]
MessageQueueRemove            0xd31    0x1a  Code  Lc  rtx_msgqueue.o [2]
OS_Tick_AcknowledgeIRQ       0x1559     0xc  Code  Wk  os_systick.o [2]
OS_Tick_Enable               0x188d    0x2c  Code  Wk  os_systick.o [2]
OS_Tick_GetIRQn              0x1885     0x6  Code  Wk  os_systick.o [2]
OS_Tick_Setup                0x1845    0x40  Code  Wk  os_systick.o [2]
PWMGenConfigure              0x23fd    0x2e  Code  Gb  pwm.o [4]
PWMGenEnable                 0x2455     0xc  Code  Gb  pwm.o [4]
PWMGenPeriodGet              0x243f    0x16  Code  Gb  pwm.o [4]
PWMGenPeriodSet              0x242b    0x14  Code  Gb  pwm.o [4]
PWMOutputState               0x2485    0x14  Code  Gb  pwm.o [4]
PWMPulseWidthSet             0x2461    0x24  Code  Gb  pwm.o [4]
PWM_init                     0x2251    0x6e  Code  Gb  PWM_funcs.o [1]
PWM_set_duty                 0x22bf    0x36  Code  Gb  PWM_funcs.o [1]
PWM_thread                   0x2161    0x28  Code  Gb  main.o [1]
PWM_thread_id           0x2000'14f8     0x4  Data  Gb  main.o [1]
PendST                  0x2000'1500     0x1  Data  Lc  os_systick.o [2]
PendSV_Handler               0x2575          Code  Gb  irq_cm4f.o [2]
Region$$Table$$Base          0x2800           --   Gb  - Linker created -
Region$$Table$$Limit         0x2820           --   Gb  - Linker created -
SVC_Handler                  0x24dd          Code  Gb  irq_cm4f.o [2]
Set_Point_msg           0x2000'14fc     0x4  Data  Gb  main.o [1]
SysCtlClockFreqSet           0x1903   0x1fc  Code  Gb  sysctl.o [4]
SysCtlPWMClockSet            0x1aff     0xa  Code  Gb  sysctl.o [4]
SysCtlPeripheralEnable       0x18e5     0x8  Code  Gb  sysctl.o [4]
SysTick_Handler              0x2585          Code  Gb  irq_cm4f.o [2]
SystemCoreClock         0x2000'1504     0x4  Data  Gb  system_TM4C1294_TW.o [1]
SystemInit                   0x2311    0x1a  Code  Gb  system_TM4C1294_TW.o [1]
ThreadFlagsCheck              0x26d    0x6c  Code  Lc  rtx_thread.o [2]
TimerInsert                  0x2045    0x38  Code  Lc  rtx_timer.o [2]
UARTCharGet                  0x23ef     0xe  Code  Gb  uart.o [4]
UARTCharsAvail               0x23dd     0x8  Code  Gb  uart.o [4]
UARTConfigSetExpClk          0x233d    0x5c  Code  Gb  uart.o [4]
UARTDisable                  0x23b3    0x22  Code  Gb  uart.o [4]
UARTEnable                   0x2399    0x1a  Code  Gb  uart.o [4]
UART_char_available          0x2221    0x14  Code  Gb  UART_funcs.o [1]
UART_get_byte                0x2235     0xa  Code  Gb  UART_funcs.o [1]
UART_init                    0x21e9    0x38  Code  Gb  UART_funcs.o [1]
UART_thread                  0x211d    0x44  Code  Gb  main.o [1]
UART_thread_id          0x2000'14f4     0x4  Data  Gb  main.o [1]
_SysCtlMemTimingGet          0x18c5    0x20  Code  Lc  sysctl.o [4]
__Vectors                       0x0           --   Gb  startup_tm4c1294.o [1]
__Vectors_End                 0x26c          Data  Gb  startup_tm4c1294.o [1]
__Vectors_Size {Abs}          0x26c           --   Gb  startup_tm4c1294.o [1]
__aeabi_d2uiz                0x24b5          Code  Gb  DblToU32.o [5]
__aeabi_dmul                 0x1d01          Code  Gb  DblMul.o [5]
__aeabi_memclr               0x136d          Code  Gb  ABImemclr.o [6]
__aeabi_memclr4               0xb95          Code  Gb  ABImemclr4.o [6]
__aeabi_memcpy               0x12c1          Code  Gb  ABImemcpy.o [6]
__aeabi_memcpy4              0x12e1          Code  Gb  ABImemcpy.o [6]
__aeabi_memcpy8              0x12e1          Code  Gb  ABImemcpy.o [6]
__aeabi_ui2d                 0x2499          Code  Gb  U32ToDbl.o [5]
__cmain                      0x2821          Code  Gb  cmain.o [6]
__exit                       0x2855    0x14  Code  Gb  exit.o [7]
__iar_Memset4_word            0xc6d          Code  Gb  ABImemset48.o [6]
__iar_Memset8_word            0xc6d          Code  Gb  ABImemset48.o [6]
__iar_Memset_word            0x14f9          Code  Gb  ABImemset.o [6]
__iar_data_init3             0x276d    0x28  Code  Gb  data_init.o [6]
__iar_init_vfp               0x27dd          Code  Gb  fpinit_M.o [5]
__iar_packbits_init_single3
                             0x2705    0x38  Code  Gb  packbits_init_single.o [6]
__iar_program_start          0x2891          Code  Gb  cstartup_M.o [6]
__iar_zero_init3              0x9ef    0x3a  Code  Gb  zero_init3.o [6]
__low_level_init             0x283f     0x4  Code  Gb  low_level_init.o [3]
__vector_table                  0x0          Data  Gb  startup_tm4c1294.o [1]
__vector_table_0x1c            0x1c          Data  Gb  startup_tm4c1294.o [1]
_call_main                   0x282d          Code  Gb  cmain.o [6]
_exit                        0x2849          Code  Gb  cexit.o [6]
_main                        0x283b          Code  Gb  cmain.o [6]
exit                         0x2843     0x4  Code  Gb  exit.o [3]
g_pppui32XTALtoVCO           0x1b50   0x1b0  Data  Lc  sysctl.o [4]
g_pui32GPIOBaseAddrs         0x25a0    0x90  Data  Lc  gpio.o [4]
g_pui32VCOFrequencies        0x1b48     0x8  Data  Lc  sysctl.o [4]
g_pui32Xtals                 0x2630    0x6c  Data  Lc  sysctl.o [4]
g_sXTALtoMEMTIM              0x273c    0x30  Data  Lc  sysctl.o [4]
main                         0x2189    0x4a  Code  Gb  main.o [1]
osKernelGetState             0x175d    0x40  Code  Gb  rtx_kernel.o [2]
osKernelInitialize           0x1725    0x38  Code  Gb  rtx_kernel.o [2]
osKernelStart                0x179d    0x34  Code  Gb  rtx_kernel.o [2]
osMessageQueueGet            0x121d    0x90  Code  Gb  rtx_msgqueue.o [2]
osMessageQueueNew            0x1145    0x3e  Code  Gb  rtx_msgqueue.o [2]
osMessageQueuePut            0x1185    0x98  Code  Gb  rtx_msgqueue.o [2]
osRtxConfig                  0x269c    0x68  Data  Gb  rtx_lib.o [1]
osRtxErrorNotify              0xc43    0x20  Code  Wk  RTX_Config.o [1]
osRtxIdleThread               0xb93     0x2  Code  Wk  RTX_Config.o [1]
osRtxInfo               0x2000'0000    0xa4  Data  Gb  rtx_kernel.o [2]
osRtxKernelPreInit           0x18bb     0x2  Code  Gb  rtx_lib.o [1]
osRtxMemoryAlloc              0xb11    0x82  Code  Wk  rtx_memory.o [2]
osRtxMemoryFree               0xb9d    0x4a  Code  Wk  rtx_memory.o [2]
osRtxMemoryInit              0x17fb    0x44  Code  Wk  rtx_memory.o [2]
osRtxMemoryPoolAlloc          0xa75    0x44  Code  Gb  rtx_mempool.o [2]
osRtxMemoryPoolFree           0xab9    0x56  Code  Gb  rtx_mempool.o [2]
osRtxMemoryPoolInit           0xa29    0x4a  Code  Gb  rtx_mempool.o [2]
osRtxMessageQueuePostProcess
                              0xd4b    0xe6  Code  Lc  rtx_msgqueue.o [2]
osRtxMutexOwnerRelease        0xbe9    0x52  Code  Gb  rtx_mutex.o [2]
osRtxPendSV_Handler          0x13f1    0x8a  Code  Gb  rtx_system.o [2]
osRtxPostProcess             0x147d    0x6e  Code  Gb  rtx_system.o [2]
osRtxThreadBlock              0x4d5    0x34  Code  Lc  rtx_thread.o [2]
osRtxThreadDelayInsert        0x32d    0x62  Code  Lc  rtx_thread.o [2]
osRtxThreadDelayRemove        0x38f    0x44  Code  Lc  rtx_thread.o [2]
osRtxThreadDelayTick          0x3d3    0xee  Code  Gb  rtx_thread.o [2]
osRtxThreadDispatch           0x525    0x54  Code  Gb  rtx_thread.o [2]
osRtxThreadFree               0x813    0x56  Code  Lc  rtx_thread.o [2]
osRtxThreadListGet            0x2fb    0x14  Code  Gb  rtx_thread.o [2]
osRtxThreadListPut            0x2d9    0x22  Code  Gb  rtx_thread.o [2]
osRtxThreadListRemove         0x30f    0x16  Code  Gb  rtx_thread.o [2]
osRtxThreadPostProcess        0x5ed    0x54  Code  Lc  rtx_thread.o [2]
osRtxThreadReadyPut           0x325     0x8  Code  Gb  rtx_thread.o [2]
osRtxThreadRegPtr             0x4c1    0x14  Code  Gb  rtx_thread.o [2]
osRtxThreadStartup            0x8fd    0x30  Code  Gb  rtx_thread.o [2]
osRtxThreadSwitch             0x509    0x1c  Code  Gb  rtx_thread.o [2]
osRtxThreadWaitEnter          0x5b3    0x3a  Code  Gb  rtx_thread.o [2]
osRtxThreadWaitExit           0x57f    0x2e  Code  Gb  rtx_thread.o [2]
osRtxTick_Handler            0x1381    0x6e  Code  Gb  rtx_system.o [2]
osRtxTimerThread             0x20d5    0x44  Code  Wk  rtx_timer.o [2]
osRtxTimerTick               0x207d    0x54  Code  Lc  rtx_timer.o [2]
osRtxUserSVC                 0x289c     0x4  Data  Wk  rtx_lib.o [1]
osThreadExit                  0x979    0x16  Code  Gb  rtx_thread.o [2]
osThreadNew                   0x931    0x40  Code  Gb  rtx_thread.o [2]
os_idle_thread_attr          0x2794    0x24  Data  Lc  rtx_lib.o [1]
os_idle_thread_cb       0x2000'13f8    0x44  Data  Lc  rtx_lib.o [1]
os_idle_thread_stack    0x2000'10a8   0x200  Data  Lc  rtx_lib.o [1]
os_isr_queue            0x2000'1480    0x40  Data  Lc  rtx_lib.o [1]
os_mem                  0x2000'00a8  0x1000  Data  Lc  rtx_lib.o [1]
os_timer_mq_attr             0x2868    0x18  Data  Lc  rtx_lib.o [1]
os_timer_mq_cb          0x2000'14c0    0x34  Data  Lc  rtx_lib.o [1]
os_timer_mq_data        0x2000'13a8    0x50  Data  Lc  rtx_lib.o [1]
os_timer_thread_attr         0x27b8    0x24  Data  Lc  rtx_lib.o [1]
os_timer_thread_cb      0x2000'143c    0x44  Data  Lc  rtx_lib.o [1]
os_timer_thread_stack   0x2000'12a8   0x100  Data  Lc  rtx_lib.o [1]
svcRtxKernelGetState         0x167b    0x12  Code  Lc  rtx_kernel.o [2]
svcRtxKernelInitialize       0x1565   0x116  Code  Lc  rtx_kernel.o [2]
svcRtxKernelStart            0x168d    0x96  Code  Lc  rtx_kernel.o [2]
svcRtxMessageQueueGet        0x1035    0xe8  Code  Lc  rtx_msgqueue.o [2]
svcRtxMessageQueueNew         0xe31   0x130  Code  Lc  rtx_msgqueue.o [2]
svcRtxMessageQueuePut         0xf61    0xd4  Code  Lc  rtx_msgqueue.o [2]
svcRtxThreadExit              0x869    0x8e  Code  Lc  rtx_thread.o [2]
svcRtxThreadNew               0x641   0x1cc  Code  Lc  rtx_thread.o [2]


[1] = C:\Users\yuri_\Desktop\Sistemas Embarcados\lab3_sistemas_embarcados\Projects\Lab3_MotorCC\Debug\Obj
[2] = RTX_CM.a
[3] = dl7M_tln.a
[4] = driverlib.a
[5] = m7M_tls.a
[6] = rt7M_tl.a
[7] = shb_l.a

   9'458 bytes of readonly  code memory
     983 bytes of readonly  data memory
  38'149 bytes of readwrite data memory

Errors: none
Warnings: none
